{
  "version": "1.0.0",
  "plugins_used": [
    {
      "name": "Base64HighEntropyString",
      "path": "detect_secrets.plugins.high_entropy_strings",
      "limit": 4.5
    },
    {
      "name": "HexHighEntropyString",
      "path": "detect_secrets.plugins.high_entropy_strings",
      "limit": 3.0
    },
    {
      "name": "KeywordDetector",
      "path": "detect_secrets.plugins.keyword"
    }
  ],
  "filters_used": [
    {
      "path": "detect_secrets.filters.allowlist.is_line_allowlisted"
    },
    {
      "path": "detect_secrets.filters.common.is_ignored_due_to_verification_policies"
    }
  ],
  "results": {}
}
